Archive member included to satisfy reference by file (symbol)

c:/st/stm32cubeide_1.7.0/stm32cubeide/plugins/com.st.stm32cube.ide.mcu.externaltools.gnu-tools-for-stm32.9-2020-q2-update.win32_2.0.0.202105311346/tools/bin/../lib/gcc/arm-none-eabi/9.3.1/../../../../arm-none-eabi/lib/thumb/v7-m/nofp\libc_nano.a(lib_a-errno.o)
                              ./Core/Src/syscalls.o (__errno)
c:/st/stm32cubeide_1.7.0/stm32cubeide/plugins/com.st.stm32cube.ide.mcu.externaltools.gnu-tools-for-stm32.9-2020-q2-update.win32_2.0.0.202105311346/tools/bin/../lib/gcc/arm-none-eabi/9.3.1/../../../../arm-none-eabi/lib/thumb/v7-m/nofp\libc_nano.a(lib_a-exit.o)
                              c:/st/stm32cubeide_1.7.0/stm32cubeide/plugins/com.st.stm32cube.ide.mcu.externaltools.gnu-tools-for-stm32.9-2020-q2-update.win32_2.0.0.202105311346/tools/bin/../lib/gcc/arm-none-eabi/9.3.1/../../../../arm-none-eabi/lib/thumb/v7-m/nofp/crt0.o (exit)
c:/st/stm32cubeide_1.7.0/stm32cubeide/plugins/com.st.stm32cube.ide.mcu.externaltools.gnu-tools-for-stm32.9-2020-q2-update.win32_2.0.0.202105311346/tools/bin/../lib/gcc/arm-none-eabi/9.3.1/../../../../arm-none-eabi/lib/thumb/v7-m/nofp\libc_nano.a(lib_a-impure.o)
                              c:/st/stm32cubeide_1.7.0/stm32cubeide/plugins/com.st.stm32cube.ide.mcu.externaltools.gnu-tools-for-stm32.9-2020-q2-update.win32_2.0.0.202105311346/tools/bin/../lib/gcc/arm-none-eabi/9.3.1/../../../../arm-none-eabi/lib/thumb/v7-m/nofp\libc_nano.a(lib_a-exit.o) (_global_impure_ptr)
c:/st/stm32cubeide_1.7.0/stm32cubeide/plugins/com.st.stm32cube.ide.mcu.externaltools.gnu-tools-for-stm32.9-2020-q2-update.win32_2.0.0.202105311346/tools/bin/../lib/gcc/arm-none-eabi/9.3.1/../../../../arm-none-eabi/lib/thumb/v7-m/nofp\libc_nano.a(lib_a-init.o)
                              c:/st/stm32cubeide_1.7.0/stm32cubeide/plugins/com.st.stm32cube.ide.mcu.externaltools.gnu-tools-for-stm32.9-2020-q2-update.win32_2.0.0.202105311346/tools/bin/../lib/gcc/arm-none-eabi/9.3.1/../../../../arm-none-eabi/lib/thumb/v7-m/nofp/crt0.o (__libc_init_array)
c:/st/stm32cubeide_1.7.0/stm32cubeide/plugins/com.st.stm32cube.ide.mcu.externaltools.gnu-tools-for-stm32.9-2020-q2-update.win32_2.0.0.202105311346/tools/bin/../lib/gcc/arm-none-eabi/9.3.1/../../../../arm-none-eabi/lib/thumb/v7-m/nofp\libc_nano.a(lib_a-memset.o)
                              c:/st/stm32cubeide_1.7.0/stm32cubeide/plugins/com.st.stm32cube.ide.mcu.externaltools.gnu-tools-for-stm32.9-2020-q2-update.win32_2.0.0.202105311346/tools/bin/../lib/gcc/arm-none-eabi/9.3.1/../../../../arm-none-eabi/lib/thumb/v7-m/nofp/crt0.o (memset)

Allocating common symbols
Common symbol       size              file

SCH_tasks_G         0xc8              ./Core/Src/scheduler.o
uwTick              0x4               ./Drivers/STM32F1xx_HAL_Driver/Src/stm32f1xx_hal.o
pFlash              0x20              ./Drivers/STM32F1xx_HAL_Driver/Src/stm32f1xx_hal_flash.o
htim2               0x48              ./Core/Src/main.o

Discarded input sections

 .text          0x0000000000000000        0x0 c:/st/stm32cubeide_1.7.0/stm32cubeide/plugins/com.st.stm32cube.ide.mcu.externaltools.gnu-tools-for-stm32.9-2020-q2-update.win32_2.0.0.202105311346/tools/bin/../lib/gcc/arm-none-eabi/9.3.1/thumb/v7-m/nofp/crti.o
 .data          0x0000000000000000        0x0 c:/st/stm32cubeide_1.7.0/stm32cubeide/plugins/com.st.stm32cube.ide.mcu.externaltools.gnu-tools-for-stm32.9-2020-q2-update.win32_2.0.0.202105311346/tools/bin/../lib/gcc/arm-none-eabi/9.3.1/thumb/v7-m/nofp/crti.o
 .bss           0x0000000000000000        0x0 c:/st/stm32cubeide_1.7.0/stm32cubeide/plugins/com.st.stm32cube.ide.mcu.externaltools.gnu-tools-for-stm32.9-2020-q2-update.win32_2.0.0.202105311346/tools/bin/../lib/gcc/arm-none-eabi/9.3.1/thumb/v7-m/nofp/crti.o
 .data          0x0000000000000000        0x4 c:/st/stm32cubeide_1.7.0/stm32cubeide/plugins/com.st.stm32cube.ide.mcu.externaltools.gnu-tools-for-stm32.9-2020-q2-update.win32_2.0.0.202105311346/tools/bin/../lib/gcc/arm-none-eabi/9.3.1/thumb/v7-m/nofp/crtbegin.o
 .text          0x0000000000000000       0x7c c:/st/stm32cubeide_1.7.0/stm32cubeide/plugins/com.st.stm32cube.ide.mcu.externaltools.gnu-tools-for-stm32.9-2020-q2-update.win32_2.0.0.202105311346/tools/bin/../lib/gcc/arm-none-eabi/9.3.1/../../../../arm-none-eabi/lib/thumb/v7-m/nofp/crt0.o
 .data          0x0000000000000000        0x0 c:/st/stm32cubeide_1.7.0/stm32cubeide/plugins/com.st.stm32cube.ide.mcu.externaltools.gnu-tools-for-stm32.9-2020-q2-update.win32_2.0.0.202105311346/tools/bin/../lib/gcc/arm-none-eabi/9.3.1/../../../../arm-none-eabi/lib/thumb/v7-m/nofp/crt0.o
 .bss           0x0000000000000000        0x0 c:/st/stm32cubeide_1.7.0/stm32cubeide/plugins/com.st.stm32cube.ide.mcu.externaltools.gnu-tools-for-stm32.9-2020-q2-update.win32_2.0.0.202105311346/tools/bin/../lib/gcc/arm-none-eabi/9.3.1/../../../../arm-none-eabi/lib/thumb/v7-m/nofp/crt0.o
[...]
Memory Configuration

Name             Origin             Length             Attributes
RAM              0x0000000020000000 0x0000000000002800 xrw
FLASH            0x0000000008000000 0x0000000000008000 xr
*default*        0x0000000000000000 0xffffffffffffffff

Linker script and memory map

LOAD c:/st/stm32cubeide_1.7.0/stm32cubeide/plugins/com.st.stm32cube.ide.mcu.externaltools.gnu-tools-for-stm32.9-2020-q2-update.win32_2.0.0.202105311346/tools/bin/../lib/gcc/arm-none-eabi/9.3.1/thumb/v7-m/nofp/crti.o
LOAD c:/st/stm32cubeide_1.7.0/stm32cubeide/plugins/com.st.stm32cube.ide.mcu.externaltools.gnu-tools-for-stm32.9-2020-q2-update.win32_2.0.0.202105311346/tools/bin/../lib/gcc/arm-none-eabi/9.3.1/thumb/v7-m/nofp/crtbegin.o
LOAD c:/st/stm32cubeide_1.7.0/stm32cubeide/plugins/com.st.stm32cube.ide.mcu.externaltools.gnu-tools-for-stm32.9-2020-q2-update.win32_2.0.0.202105311346/tools/bin/../lib/gcc/arm-none-eabi/9.3.1/../../../../arm-none-eabi/lib/thumb/v7-m/nofp/crt0.o
LOAD ./Core/Src/button.o
LOAD ./Core/Src/fsm.o
LOAD ./Core/Src/fsm_manual.o
LOAD ./Core/Src/led_display.o
LOAD ./Core/Src/main.o
LOAD ./Core/Src/scheduler.o
LOAD ./Core/Src/software_timer.o
LOAD ./Core/Src/stm32f1xx_hal_msp.o
LOAD ./Core/Src/stm32f1xx_it.o
LOAD ./Core/Src/syscalls.o
LOAD ./Core/Src/sysmem.o
LOAD ./Core/Src/system_stm32f1xx.o
LOAD ./Core/Src/task.o
LOAD ./Core/Src/traffic_led.o
LOAD ./Core/Startup/startup_stm32f103c6ux.o
LOAD ./Drivers/STM32F1xx_HAL_Driver/Src/stm32f1xx_hal.o
LOAD ./Drivers/STM32F1xx_HAL_Driver/Src/stm32f1xx_hal_cortex.o
LOAD ./Drivers/STM32F1xx_HAL_Driver/Src/stm32f1xx_hal_dma.o
LOAD ./Drivers/STM32F1xx_HAL_Driver/Src/stm32f1xx_hal_exti.o
LOAD ./Drivers/STM32F1xx_HAL_Driver/Src/stm32f1xx_hal_flash.o
LOAD ./Drivers/STM32F1xx_HAL_Driver/Src/stm32f1xx_hal_flash_ex.o
LOAD ./Drivers/STM32F1xx_HAL_Driver/Src/stm32f1xx_hal_gpio.o
LOAD ./Drivers/STM32F1xx_HAL_Driver/Src/stm32f1xx_hal_gpio_ex.o
LOAD ./Drivers/STM32F1xx_HAL_Driver/Src/stm32f1xx_hal_pwr.o
LOAD ./Drivers/STM32F1xx_HAL_Driver/Src/stm32f1xx_hal_rcc.o
LOAD ./Drivers/STM32F1xx_HAL_Driver/Src/stm32f1xx_hal_rcc_ex.o
LOAD ./Drivers/STM32F1xx_HAL_Driver/Src/stm32f1xx_hal_tim.o
LOAD ./Drivers/STM32F1xx_HAL_Driver/Src/stm32f1xx_hal_tim_ex.o
START GROUP
LOAD c:/st/stm32cubeide_1.7.0/stm32cubeide/plugins/com.st.stm32cube.ide.mcu.externaltools.gnu-tools-for-stm32.9-2020-q2-update.win32_2.0.0.202105311346/tools/bin/../lib/gcc/arm-none-eabi/9.3.1/../../../../arm-none-eabi/lib/thumb/v7-m/nofp\libc_nano.a
LOAD c:/st/stm32cubeide_1.7.0/stm32cubeide/plugins/com.st.stm32cube.ide.mcu.externaltools.gnu-tools-for-stm32.9-2020-q2-update.win32_2.0.0.202105311346/tools/bin/../lib/gcc/arm-none-eabi/9.3.1/../../../../arm-none-eabi/lib/thumb/v7-m/nofp\libm.a
END GROUP
START GROUP
LOAD c:/st/stm32cubeide_1.7.0/stm32cubeide/plugins/com.st.stm32cube.ide.mcu.externaltools.gnu-tools-for-stm32.9-2020-q2-update.win32_2.0.0.202105311346/tools/bin/../lib/gcc/arm-none-eabi/9.3.1/thumb/v7-m/nofp\libgcc.a
LOAD c:/st/stm32cubeide_1.7.0/stm32cubeide/plugins/com.st.stm32cube.ide.mcu.externaltools.gnu-tools-for-stm32.9-2020-q2-update.win32_2.0.0.202105311346/tools/bin/../lib/gcc/arm-none-eabi/9.3.1/../../../../arm-none-eabi/lib/thumb/v7-m/nofp\libc_nano.a
END GROUP
START GROUP
LOAD c:/st/stm32cubeide_1.7.0/stm32cubeide/plugins/com.st.stm32cube.ide.mcu.externaltools.gnu-tools-for-stm32.9-2020-q2-update.win32_2.0.0.202105311346/tools/bin/../lib/gcc/arm-none-eabi/9.3.1/thumb/v7-m/nofp\libgcc.a
LOAD c:/st/stm32cubeide_1.7.0/stm32cubeide/plugins/com.st.stm32cube.ide.mcu.externaltools.gnu-tools-for-stm32.9-2020-q2-update.win32_2.0.0.202105311346/tools/bin/../lib/gcc/arm-none-eabi/9.3.1/../../../../arm-none-eabi/lib/thumb/v7-m/nofp\libc_nano.a
LOAD c:/st/stm32cubeide_1.7.0/stm32cubeide/plugins/com.st.stm32cube.ide.mcu.externaltools.gnu-tools-for-stm32.9-2020-q2-update.win32_2.0.0.202105311346/tools/bin/../lib/gcc/arm-none-eabi/9.3.1/../../../../arm-none-eabi/lib/thumb/v7-m/nofp\libnosys.a
END GROUP
START GROUP
LOAD c:/st/stm32cubeide_1.7.0/stm32cubeide/plugins/com.st.stm32cube.ide.mcu.externaltools.gnu-tools-for-stm32.9-2020-q2-update.win32_2.0.0.202105311346/tools/bin/../lib/gcc/arm-none-eabi/9.3.1/thumb/v7-m/nofp\libgcc.a
LOAD c:/st/stm32cubeide_1.7.0/stm32cubeide/plugins/com.st.stm32cube.ide.mcu.externaltools.gnu-tools-for-stm32.9-2020-q2-update.win32_2.0.0.202105311346/tools/bin/../lib/gcc/arm-none-eabi/9.3.1/../../../../arm-none-eabi/lib/thumb/v7-m/nofp\libc_nano.a
LOAD c:/st/stm32cubeide_1.7.0/stm32cubeide/plugins/com.st.stm32cube.ide.mcu.externaltools.gnu-tools-for-stm32.9-2020-q2-update.win32_2.0.0.202105311346/tools/bin/../lib/gcc/arm-none-eabi/9.3.1/../../../../arm-none-eabi/lib/thumb/v7-m/nofp\libnosys.a
END GROUP
LOAD c:/st/stm32cubeide_1.7.0/stm32cubeide/plugins/com.st.stm32cube.ide.mcu.externaltools.gnu-tools-for-stm32.9-2020-q2-update.win32_2.0.0.202105311346/tools/bin/../lib/gcc/arm-none-eabi/9.3.1/thumb/v7-m/nofp/crtend.o
LOAD c:/st/stm32cubeide_1.7.0/stm32cubeide/plugins/com.st.stm32cube.ide.mcu.externaltools.gnu-tools-for-stm32.9-2020-q2-update.win32_2.0.0.202105311346/tools/bin/../lib/gcc/arm-none-eabi/9.3.1/thumb/v7-m/nofp/crtn.o
                0x0000000020002800                _estack = (ORIGIN (RAM) + LENGTH (RAM))
                0x0000000000000200                _Min_Heap_Size = 0x200
                0x0000000000000400                _Min_Stack_Size = 0x400

.isr_vector     0x0000000008000000      0x10c
                0x0000000008000000                . = ALIGN (0x4)
 *(.isr_vector)
 .isr_vector    0x0000000008000000      0x10c ./Core/Startup/startup_stm32f103c6ux.o
                0x0000000008000000                g_pfnVectors
                0x000000000800010c                . = ALIGN (0x4)

.text           0x000000000800010c     0x3024
                0x000000000800010c                . = ALIGN (0x4)
 *(.text)
 .text          0x000000000800010c       0x40 c:/st/stm32cubeide_1.7.0/stm32cubeide/plugins/com.st.stm32cube.ide.mcu.externaltools.gnu-tools-for-stm32.9-2020-q2-update.win32_2.0.0.202105311346/tools/bin/../lib/gcc/arm-none-eabi/9.3.1/thumb/v7-m/nofp/crtbegin.o
 *(.text*)
 .text.button_Init
                0x000000000800014c       0x50 ./Core/Src/button.o
                0x000000000800014c                button_Init
 .text.getKeyInput
                0x000000000800019c       0x8c ./Core/Src/button.o
                0x000000000800019c                getKeyInput
 .text.is_button_pressed
                0x0000000008000228       0x34 ./Core/Src/button.o
                0x0000000008000228                is_button_pressed
 .text.reconcile_on_pair
                0x000000000800025c      0x17c ./Core/Src/fsm.o
 .text.adjust_time_auto
                0x00000000080003d8       0x40 ./Core/Src/fsm.o
                0x00000000080003d8                adjust_time_auto
 .text.reset_to_default_mode1
                0x0000000008000418       0x8c ./Core/Src/fsm.o
                0x0000000008000418                reset_to_default_mode1
 .text.fsm_traffic_run
                0x00000000080004a4      0x5d8 ./Core/Src/fsm.o
                0x00000000080004a4                fsm_traffic_run
 .text.turn_off_all_leds
                0x0000000008000a7c       0x5c ./Core/Src/fsm_manual.o
 .text.led_manual
                0x0000000008000ad8       0x30 ./Core/Src/fsm_manual.o
 .text.set_led_state
                0x0000000008000b08       0x54 ./Core/Src/fsm_manual.o
 .text.fsm_manual_init
                0x0000000008000b5c       0x34 ./Core/Src/fsm_manual.o
                0x0000000008000b5c                fsm_manual_init
 .text.fsm_manual_run
                0x0000000008000b90      0x194 ./Core/Src/fsm_manual.o
                0x0000000008000b90                fsm_manual_run
 .text.is_manual_active
                0x0000000008000d24       0x14 ./Core/Src/fsm_manual.o
                0x0000000008000d24                is_manual_active
 .text.clearAllLED7
                0x0000000008000d38       0x3c ./Core/Src/led_display.o
                0x0000000008000d38                clearAllLED7
 .text.update_all_clock_buffer
                0x0000000008000d74       0x78 ./Core/Src/led_display.o
                0x0000000008000d74                update_all_clock_buffer
 .text.update_horizontal_clock_buffer
                0x0000000008000dec       0x48 ./Core/Src/led_display.o
                0x0000000008000dec                update_horizontal_clock_buffer
 .text.update_vertical_clock_buffer
                0x0000000008000e34       0x48 ./Core/Src/led_display.o
                0x0000000008000e34                update_vertical_clock_buffer
 .text.update_LED7_driver
                0x0000000008000e7c       0xcc ./Core/Src/led_display.o
                0x0000000008000e7c                update_LED7_driver
 .text.displayLED7
                0x0000000008000f48      0x104 ./Core/Src/led_display.o
                0x0000000008000f48                displayLED7
 .text.main     0x000000000800104c       0x5c ./Core/Src/main.o
                0x000000000800104c                main
 .text.SystemClock_Config
                0x00000000080010a8       0x76 ./Core/Src/main.o
                0x00000000080010a8                SystemClock_Config
 *fill*         0x000000000800111e        0x2 
 .text.MX_TIM2_Init
                0x0000000008001120       0x98 ./Core/Src/main.o
 .text.MX_GPIO_Init
                0x00000000080011b8       0xc8 ./Core/Src/main.o
 .text.HAL_TIM_PeriodElapsedCallback
                0x0000000008001280       0x18 ./Core/Src/main.o
                0x0000000008001280                HAL_TIM_PeriodElapsedCallback
 .text.Error_Handler
                0x0000000008001298        0xa ./Core/Src/main.o
                0x0000000008001298                Error_Handler
 *fill*         0x00000000080012a2        0x2 
 .text.setTimer
                0x00000000080012a4       0x38 ./Core/Src/software_timer.o
                0x00000000080012a4                setTimer
 .text.setLED7Timer
                0x00000000080012dc       0x38 ./Core/Src/software_timer.o
                0x00000000080012dc                setLED7Timer
 .text.setBlinkLedTimer
                0x0000000008001314       0x38 ./Core/Src/software_timer.o
                0x0000000008001314                setBlinkLedTimer
 .text.setTimer1
                0x000000000800134c       0x38 ./Core/Src/software_timer.o
                0x000000000800134c                setTimer1
 .text.timer_run
                0x0000000008001384       0xac ./Core/Src/software_timer.o
                0x0000000008001384                timer_run
 .text.HAL_MspInit
                0x0000000008001430       0x64 ./Core/Src/stm32f1xx_hal_msp.o
                0x0000000008001430                HAL_MspInit
 .text.HAL_TIM_Base_MspInit
                0x0000000008001494       0x48 ./Core/Src/stm32f1xx_hal_msp.o
                0x0000000008001494                HAL_TIM_Base_MspInit
 .text.NMI_Handler
                0x00000000080014dc        0x6 ./Core/Src/stm32f1xx_it.o
                0x00000000080014dc                NMI_Handler
 .text.HardFault_Handler
                0x00000000080014e2        0x6 ./Core/Src/stm32f1xx_it.o
                0x00000000080014e2                HardFault_Handler
 .text.MemManage_Handler
                0x00000000080014e8        0x6 ./Core/Src/stm32f1xx_it.o
                0x00000000080014e8                MemManage_Handler
 .text.BusFault_Handler
                0x00000000080014ee        0x6 ./Core/Src/stm32f1xx_it.o
                0x00000000080014ee                BusFault_Handler
 .text.UsageFault_Handler
                0x00000000080014f4        0x6 ./Core/Src/stm32f1xx_it.o
                0x00000000080014f4                UsageFault_Handler
 .text.SVC_Handler
                0x00000000080014fa        0xc ./Core/Src/stm32f1xx_it.o
                0x00000000080014fa                SVC_Handler
 .text.DebugMon_Handler
                0x0000000008001506        0xc ./Core/Src/stm32f1xx_it.o
                0x0000000008001506                DebugMon_Handler
 .text.PendSV_Handler
                0x0000000008001512        0xc ./Core/Src/stm32f1xx_it.o
                0x0000000008001512                PendSV_Handler
 .text.SysTick_Handler
                0x000000000800151e        0xc ./Core/Src/stm32f1xx_it.o
                0x000000000800151e                SysTick_Handler
 *fill*         0x000000000800152a        0x2 
 .text.TIM2_IRQHandler
                0x000000000800152c       0x14 ./Core/Src/stm32f1xx_it.o
                0x000000000800152c                TIM2_IRQHandler
 .text.SystemInit
                0x0000000008001540        0xc ./Core/Src/system_stm32f1xx.o
                0x0000000008001540                SystemInit
 .text.LED_TRAFFIC_INIT
                0x000000000800154c       0x4c ./Core/Src/traffic_led.o
                0x000000000800154c                LED_TRAFFIC_INIT
 .text.LED_TRAFFIC_LOAD_BUFFER
                0x0000000008001598       0x7c ./Core/Src/traffic_led.o
                0x0000000008001598                LED_TRAFFIC_LOAD_BUFFER
 .text.LED_TRAFFIC_STORE_BUFFER
                0x0000000008001614       0x28 ./Core/Src/traffic_led.o
                0x0000000008001614                LED_TRAFFIC_STORE_BUFFER
 .text.LED_TRAFFIC_GET_RED
                0x000000000800163c       0x14 ./Core/Src/traffic_led.o
                0x000000000800163c                LED_TRAFFIC_GET_RED
 .text.LED_TRAFFIC_GET_AMBER
                0x0000000008001650       0x14 ./Core/Src/traffic_led.o
                0x0000000008001650                LED_TRAFFIC_GET_AMBER
 .text.LED_TRAFFIC_GET_GREEN
                0x0000000008001664       0x14 ./Core/Src/traffic_led.o
                0x0000000008001664                LED_TRAFFIC_GET_GREEN
 .text.LED_TRAFFIC_SET_RED
                0x0000000008001678       0x34 ./Core/Src/traffic_led.o
                0x0000000008001678                LED_TRAFFIC_SET_RED
 .text.LED_TRAFFIC_SET_AMBER
                0x00000000080016ac       0x34 ./Core/Src/traffic_led.o
                0x00000000080016ac                LED_TRAFFIC_SET_AMBER
 .text.LED_TRAFFIC_SET_GREEN
                0x00000000080016e0       0x34 ./Core/Src/traffic_led.o
                0x00000000080016e0                LED_TRAFFIC_SET_GREEN
 .text.LED_TRAFFIC_APPLY_TIMES
                0x0000000008001714       0x90 ./Core/Src/traffic_led.o
                0x0000000008001714                LED_TRAFFIC_APPLY_TIMES
 .text.LED_TRAFFIC_RESET_COUNTER
                0x00000000080017a4       0x58 ./Core/Src/traffic_led.o
                0x00000000080017a4                LED_TRAFFIC_RESET_COUNTER
 .text.LED_VERTICAL_RUN
                0x00000000080017fc      0x148 ./Core/Src/traffic_led.o
                0x00000000080017fc                LED_VERTICAL_RUN
 .text.LED_HORIZONTAL_RUN
                0x0000000008001944      0x14c ./Core/Src/traffic_led.o
                0x0000000008001944                LED_HORIZONTAL_RUN
 .text.LED_TRAFFIC_RUN
                0x0000000008001a90       0x10 ./Core/Src/traffic_led.o
                0x0000000008001a90                LED_TRAFFIC_RUN
 .text.Reset_Handler
                0x0000000008001aa0       0x48 ./Core/Startup/startup_stm32f103c6ux.o
                0x0000000008001aa0                Reset_Handler
 .text.Default_Handler
                0x0000000008001ae8        0x2 ./Core/Startup/startup_stm32f103c6ux.o
                0x0000000008001ae8                RTC_Alarm_IRQHandler
                0x0000000008001ae8                EXTI2_IRQHandler
                0x0000000008001ae8                TIM1_CC_IRQHandler
                0x0000000008001ae8                PVD_IRQHandler
                0x0000000008001ae8                EXTI3_IRQHandler
                0x0000000008001ae8                EXTI0_IRQHandler
                0x0000000008001ae8                ADC1_2_IRQHandler
                0x0000000008001ae8                SPI1_IRQHandler
                0x0000000008001ae8                TAMPER_IRQHandler
                0x0000000008001ae8                DMA1_Channel4_IRQHandler
                0x0000000008001ae8                RTC_IRQHandler
                0x0000000008001ae8                DMA1_Channel7_IRQHandler
                0x0000000008001ae8                CAN1_RX1_IRQHandler
                0x0000000008001ae8                I2C1_EV_IRQHandler
                0x0000000008001ae8                DMA1_Channel6_IRQHandler
                0x0000000008001ae8                TIM3_IRQHandler
                0x0000000008001ae8                RCC_IRQHandler
                0x0000000008001ae8                TIM1_TRG_COM_IRQHandler
                0x0000000008001ae8                DMA1_Channel1_IRQHandler
                0x0000000008001ae8                Default_Handler
                0x0000000008001ae8                EXTI15_10_IRQHandler
                0x0000000008001ae8                EXTI9_5_IRQHandler
                0x0000000008001ae8                DMA1_Channel5_IRQHandler
                0x0000000008001ae8                EXTI4_IRQHandler
                0x0000000008001ae8                USB_LP_CAN1_RX0_IRQHandler
                0x0000000008001ae8                USB_HP_CAN1_TX_IRQHandler
                0x0000000008001ae8                DMA1_Channel3_IRQHandler
                0x0000000008001ae8                TIM1_UP_IRQHandler
                0x0000000008001ae8                WWDG_IRQHandler
                0x0000000008001ae8                TIM1_BRK_IRQHandler
                0x0000000008001ae8                EXTI1_IRQHandler
                0x0000000008001ae8                USART2_IRQHandler
                0x0000000008001ae8                DMA1_Channel2_IRQHandler
                0x0000000008001ae8                CAN1_SCE_IRQHandler
                0x0000000008001ae8                FLASH_IRQHandler
                0x0000000008001ae8                USART1_IRQHandler
                0x0000000008001ae8                I2C1_ER_IRQHandler
                0x0000000008001ae8                USBWakeUp_IRQHandler
 *fill*         0x0000000008001aea        0x2 
 .text.HAL_Init
                0x0000000008001aec       0x2c ./Drivers/STM32F1xx_HAL_Driver/Src/stm32f1xx_hal.o
                0x0000000008001aec                HAL_Init
 .text.HAL_InitTick
                0x0000000008001b18       0x60 ./Drivers/STM32F1xx_HAL_Driver/Src/stm32f1xx_hal.o
                0x0000000008001b18                HAL_InitTick
 .text.HAL_IncTick
                0x0000000008001b78       0x24 ./Drivers/STM32F1xx_HAL_Driver/Src/stm32f1xx_hal.o
                0x0000000008001b78                HAL_IncTick
 .text.HAL_GetTick
                0x0000000008001b9c       0x14 ./Drivers/STM32F1xx_HAL_Driver/Src/stm32f1xx_hal.o
                0x0000000008001b9c                HAL_GetTick
 .text.__NVIC_SetPriorityGrouping
                0x0000000008001bb0       0x48 ./Drivers/STM32F1xx_HAL_Driver/Src/stm32f1xx_hal_cortex.o
 .text.__NVIC_GetPriorityGrouping
                0x0000000008001bf8       0x1c ./Drivers/STM32F1xx_HAL_Driver/Src/stm32f1xx_hal_cortex.o
 .text.__NVIC_EnableIRQ
                0x0000000008001c14       0x38 ./Drivers/STM32F1xx_HAL_Driver/Src/stm32f1xx_hal_cortex.o
 .text.__NVIC_SetPriority
                0x0000000008001c4c       0x54 ./Drivers/STM32F1xx_HAL_Driver/Src/stm32f1xx_hal_cortex.o
 .text.NVIC_EncodePriority
                0x0000000008001ca0       0x64 ./Drivers/STM32F1xx_HAL_Driver/Src/stm32f1xx_hal_cortex.o
 .text.SysTick_Config
                0x0000000008001d04       0x44 ./Drivers/STM32F1xx_HAL_Driver/Src/stm32f1xx_hal_cortex.o
 .text.HAL_NVIC_SetPriorityGrouping
                0x0000000008001d48       0x16 ./Drivers/STM32F1xx_HAL_Driver/Src/stm32f1xx_hal_cortex.o
                0x0000000008001d48                HAL_NVIC_SetPriorityGrouping
 .text.HAL_NVIC_SetPriority
                0x0000000008001d5e       0x38 ./Drivers/STM32F1xx_HAL_Driver/Src/stm32f1xx_hal_cortex.o
                0x0000000008001d5e                HAL_NVIC_SetPriority
 .text.HAL_NVIC_EnableIRQ
                0x0000000008001d96       0x1c ./Drivers/STM32F1xx_HAL_Driver/Src/stm32f1xx_hal_cortex.o
                0x0000000008001d96                HAL_NVIC_EnableIRQ
 .text.HAL_SYSTICK_Config
                0x0000000008001db2       0x18 ./Drivers/STM32F1xx_HAL_Driver/Src/stm32f1xx_hal_cortex.o
                0x0000000008001db2                HAL_SYSTICK_Config
 *fill*         0x0000000008001dca        0x2 
 .text.HAL_GPIO_Init
                0x0000000008001dcc      0x2f4 ./Drivers/STM32F1xx_HAL_Driver/Src/stm32f1xx_hal_gpio.o
                0x0000000008001dcc                HAL_GPIO_Init
 .text.HAL_GPIO_ReadPin
                0x00000000080020c0       0x2e ./Drivers/STM32F1xx_HAL_Driver/Src/stm32f1xx_hal_gpio.o
                0x00000000080020c0                HAL_GPIO_ReadPin
 .text.HAL_GPIO_WritePin
                0x00000000080020ee       0x30 ./Drivers/STM32F1xx_HAL_Driver/Src/stm32f1xx_hal_gpio.o
                0x00000000080020ee                HAL_GPIO_WritePin
 .text.HAL_GPIO_TogglePin
                0x000000000800211e       0x32 ./Drivers/STM32F1xx_HAL_Driver/Src/stm32f1xx_hal_gpio.o
                0x000000000800211e                HAL_GPIO_TogglePin
 .text.HAL_RCC_OscConfig
                0x0000000008002150      0x500 ./Drivers/STM32F1xx_HAL_Driver/Src/stm32f1xx_hal_rcc.o
                0x0000000008002150                HAL_RCC_OscConfig
 .text.HAL_RCC_ClockConfig
                0x0000000008002650      0x1d4 ./Drivers/STM32F1xx_HAL_Driver/Src/stm32f1xx_hal_rcc.o
                0x0000000008002650                HAL_RCC_ClockConfig
 .text.HAL_RCC_GetSysClockFreq
                0x0000000008002824       0xa8 ./Drivers/STM32F1xx_HAL_Driver/Src/stm32f1xx_hal_rcc.o
                0x0000000008002824                HAL_RCC_GetSysClockFreq
 .text.RCC_Delay
                0x00000000080028cc       0x3c ./Drivers/STM32F1xx_HAL_Driver/Src/stm32f1xx_hal_rcc.o
 .text.HAL_TIM_Base_Init
                0x0000000008002908       0x9e ./Drivers/STM32F1xx_HAL_Driver/Src/stm32f1xx_hal_tim.o
                0x0000000008002908                HAL_TIM_Base_Init
 *fill*         0x00000000080029a6        0x2 
 .text.HAL_TIM_Base_Start_IT
                0x00000000080029a8       0x98 ./Drivers/STM32F1xx_HAL_Driver/Src/stm32f1xx_hal_tim.o
                0x00000000080029a8                HAL_TIM_Base_Start_IT
 .text.HAL_TIM_IRQHandler
                0x0000000008002a40      0x1e0 ./Drivers/STM32F1xx_HAL_Driver/Src/stm32f1xx_hal_tim.o
                0x0000000008002a40                HAL_TIM_IRQHandler
 .text.HAL_TIM_ConfigClockSource
                0x0000000008002c20      0x18e ./Drivers/STM32F1xx_HAL_Driver/Src/stm32f1xx_hal_tim.o
                0x0000000008002c20                HAL_TIM_ConfigClockSource
 .text.HAL_TIM_OC_DelayElapsedCallback
                0x0000000008002dae       0x12 ./Drivers/STM32F1xx_HAL_Driver/Src/stm32f1xx_hal_tim.o
                0x0000000008002dae                HAL_TIM_OC_DelayElapsedCallback
 .text.HAL_TIM_IC_CaptureCallback
                0x0000000008002dc0       0x12 ./Drivers/STM32F1xx_HAL_Driver/Src/stm32f1xx_hal_tim.o
                0x0000000008002dc0                HAL_TIM_IC_CaptureCallback
 .text.HAL_TIM_PWM_PulseFinishedCallback
                0x0000000008002dd2       0x12 ./Drivers/STM32F1xx_HAL_Driver/Src/stm32f1xx_hal_tim.o
                0x0000000008002dd2                HAL_TIM_PWM_PulseFinishedCallback
 .text.HAL_TIM_TriggerCallback
                0x0000000008002de4       0x12 ./Drivers/STM32F1xx_HAL_Driver/Src/stm32f1xx_hal_tim.o
                0x0000000008002de4                HAL_TIM_TriggerCallback
 *fill*         0x0000000008002df6        0x2 
 .text.TIM_Base_SetConfig
                0x0000000008002df8       0xc8 ./Drivers/STM32F1xx_HAL_Driver/Src/stm32f1xx_hal_tim.o
                0x0000000008002df8                TIM_Base_SetConfig
 .text.TIM_TI1_ConfigInputStage
                0x0000000008002ec0       0x5c ./Drivers/STM32F1xx_HAL_Driver/Src/stm32f1xx_hal_tim.o
 .text.TIM_TI2_ConfigInputStage
                0x0000000008002f1c       0x5e ./Drivers/STM32F1xx_HAL_Driver/Src/stm32f1xx_hal_tim.o
 .text.TIM_ITRx_SetConfig
                0x0000000008002f7a       0x34 ./Drivers/STM32F1xx_HAL_Driver/Src/stm32f1xx_hal_tim.o
 .text.TIM_ETR_SetConfig
                0x0000000008002fae       0x3e ./Drivers/STM32F1xx_HAL_Driver/Src/stm32f1xx_hal_tim.o
                0x0000000008002fae                TIM_ETR_SetConfig
 .text.HAL_TIMEx_MasterConfigSynchronization
                0x0000000008002fec       0xb0 ./Drivers/STM32F1xx_HAL_Driver/Src/stm32f1xx_hal_tim_ex.o
                0x0000000008002fec                HAL_TIMEx_MasterConfigSynchronization
 .text.HAL_TIMEx_CommutCallback
                0x000000000800309c       0x12 ./Drivers/STM32F1xx_HAL_Driver/Src/stm32f1xx_hal_tim_ex.o
                0x000000000800309c                HAL_TIMEx_CommutCallback
 .text.HAL_TIMEx_BreakCallback
                0x00000000080030ae       0x12 ./Drivers/STM32F1xx_HAL_Driver/Src/stm32f1xx_hal_tim_ex.o
                0x00000000080030ae                HAL_TIMEx_BreakCallback
 .text.__libc_init_array
                0x00000000080030c0       0x48 c:/st/stm32cubeide_1.7.0/stm32cubeide/plugins/com.st.stm32cube.ide.mcu.externaltools.gnu-tools-for-stm32.9-2020-q2-update.win32_2.0.0.202105311346/tools/bin/../lib/gcc/arm-none-eabi/9.3.1/../../../../arm-none-eabi/lib/thumb/v7-m/nofp\libc_nano.a(lib_a-init.o)
                0x00000000080030c0                __libc_init_array
 .text.memset   0x0000000008003108       0x10 c:/st/stm32cubeide_1.7.0/stm32cubeide/plugins/com.st.stm32cube.ide.mcu.externaltools.gnu-tools-for-stm32.9-2020-q2-update.win32_2.0.0.202105311346/tools/bin/../lib/gcc/arm-none-eabi/9.3.1/../../../../arm-none-eabi/lib/thumb/v7-m/nofp\libc_nano.a(lib_a-memset.o)
                0x0000000008003108                memset
 *(.glue_7)
 .glue_7        0x0000000008003118        0x0 linker stubs
 *(.glue_7t)
 .glue_7t       0x0000000008003118        0x0 linker stubs
 *(.eh_frame)
 .eh_frame      0x0000000008003118        0x0 c:/st/stm32cubeide_1.7.0/stm32cubeide/plugins/com.st.stm32cube.ide.mcu.externaltools.gnu-tools-for-stm32.9-2020-q2-update.win32_2.0.0.202105311346/tools/bin/../lib/gcc/arm-none-eabi/9.3.1/thumb/v7-m/nofp/crtbegin.o
 *(.init)
 .init          0x0000000008003118        0x4 c:/st/stm32cubeide_1.7.0/stm32cubeide/plugins/com.st.stm32cube.ide.mcu.externaltools.gnu-tools-for-stm32.9-2020-q2-update.win32_2.0.0.202105311346/tools/bin/../lib/gcc/arm-none-eabi/9.3.1/thumb/v7-m/nofp/crti.o
                0x0000000008003118                _init
 .init          0x000000000800311c        0x8 c:/st/stm32cubeide_1.7.0/stm32cubeide/plugins/com.st.stm32cube.ide.mcu.externaltools.gnu-tools-for-stm32.9-2020-q2-update.win32_2.0.0.202105311346/tools/bin/../lib/gcc/arm-none-eabi/9.3.1/thumb/v7-m/nofp/crtn.o
 *(.fini)
 .fini          0x0000000008003124        0x4 c:/st/stm32cubeide_1.7.0/stm32cubeide/plugins/com.st.stm32cube.ide.mcu.externaltools.gnu-tools-for-stm32.9-2020-q2-update.win32_2.0.0.202105311346/tools/bin/../lib/gcc/arm-none-eabi/9.3.1/thumb/v7-m/nofp/crti.o
                0x0000000008003124                _fini
 .fini          0x0000000008003128        0x8 c:/st/stm32cubeide_1.7.0/stm32cubeide/plugins/com.st.stm32cube.ide.mcu.externaltools.gnu-tools-for-stm32.9-2020-q2-update.win32_2.0.0.202105311346/tools/bin/../lib/gcc/arm-none-eabi/9.3.1/thumb/v7-m/nofp/crtn.o
                0x0000000008003130                . = ALIGN (0x4)
                0x0000000008003130                _etext = .

.vfp11_veneer   0x0000000008003130        0x0
 .vfp11_veneer  0x0000000008003130        0x0 linker stubs

.v4_bx          0x0000000008003130        0x0
 .v4_bx         0x0000000008003130        0x0 linker stubs

.iplt           0x0000000008003130        0x0
 .iplt          0x0000000008003130        0x0 c:/st/stm32cubeide_1.7.0/stm32cubeide/plugins/com.st.stm32cube.ide.mcu.externaltools.gnu-tools-for-stm32.9-2020-q2-update.win32_2.0.0.202105311346/tools/bin/../lib/gcc/arm-none-eabi/9.3.1/thumb/v7-m/nofp/crtbegin.o

.rodata         0x0000000008003130       0x24
                0x0000000008003130                . = ALIGN (0x4)
 *(.rodata)
 *(.rodata*)
 .rodata.AHBPrescTable
                0x0000000008003130       0x10 ./Core/Src/system_stm32f1xx.o
                0x0000000008003130                AHBPrescTable
 .rodata.aPLLMULFactorTable.6032
                0x0000000008003140       0x10 ./Drivers/STM32F1xx_HAL_Driver/Src/stm32f1xx_hal_rcc.o
 .rodata.aPredivFactorTable.6033
                0x0000000008003150        0x2 ./Drivers/STM32F1xx_HAL_Driver/Src/stm32f1xx_hal_rcc.o
                0x0000000008003154                . = ALIGN (0x4)
 *fill*         0x0000000008003152        0x2 

.rel.dyn        0x0000000008003154        0x0
 .rel.iplt      0x0000000008003154        0x0 c:/st/stm32cubeide_1.7.0/stm32cubeide/plugins/com.st.stm32cube.ide.mcu.externaltools.gnu-tools-for-stm32.9-2020-q2-update.win32_2.0.0.202105311346/tools/bin/../lib/gcc/arm-none-eabi/9.3.1/thumb/v7-m/nofp/crtbegin.o

.ARM.extab      0x0000000008003154        0x0
                0x0000000008003154                . = ALIGN (0x4)
 *(.ARM.extab* .gnu.linkonce.armextab.*)
                0x0000000008003154                . = ALIGN (0x4)

.ARM            0x0000000008003154        0x0
                0x0000000008003154                . = ALIGN (0x4)
                0x0000000008003154                __exidx_start = .
 *(.ARM.exidx*)
                0x0000000008003154                __exidx_end = .
                0x0000000008003154                . = ALIGN (0x4)

.preinit_array  0x0000000008003154        0x0
                0x0000000008003154                . = ALIGN (0x4)
                0x0000000008003154                PROVIDE (__preinit_array_start = .)
 *(.preinit_array*)
                0x0000000008003154                PROVIDE (__preinit_array_end = .)
                0x0000000008003154                . = ALIGN (0x4)

.init_array     0x0000000008003154        0x4
                0x0000000008003154                . = ALIGN (0x4)
                0x0000000008003154                PROVIDE (__init_array_start = .)
 *(SORT_BY_NAME(.init_array.*))
 *(.init_array*)
 .init_array    0x0000000008003154        0x4 c:/st/stm32cubeide_1.7.0/stm32cubeide/plugins/com.st.stm32cube.ide.mcu.externaltools.gnu-tools-for-stm32.9-2020-q2-update.win32_2.0.0.202105311346/tools/bin/../lib/gcc/arm-none-eabi/9.3.1/thumb/v7-m/nofp/crtbegin.o
                0x0000000008003158                PROVIDE (__init_array_end = .)
                0x0000000008003158                . = ALIGN (0x4)

.fini_array     0x0000000008003158        0x4
                0x0000000008003158                . = ALIGN (0x4)
                [!provide]                        PROVIDE (__fini_array_start = .)
 *(SORT_BY_NAME(.fini_array.*))
 *(.fini_array*)
 .fini_array    0x0000000008003158        0x4 c:/st/stm32cubeide_1.7.0/stm32cubeide/plugins/com.st.stm32cube.ide.mcu.externaltools.gnu-tools-for-stm32.9-2020-q2-update.win32_2.0.0.202105311346/tools/bin/../lib/gcc/arm-none-eabi/9.3.1/thumb/v7-m/nofp/crtbegin.o
                [!provide]                        PROVIDE (__fini_array_end = .)
                0x000000000800315c                . = ALIGN (0x4)
                0x000000000800315c                _sidata = LOADADDR (.data)

.data           0x0000000020000000       0x28 load address 0x000000000800315c
                0x0000000020000000                . = ALIGN (0x4)
                0x0000000020000000                _sdata = .
 *(.data)
 *(.data*)
 .data.buttonPin
                0x0000000020000000        0x8 ./Core/Src/button.o
 .data.time_red
                0x0000000020000008        0x1 ./Core/Src/fsm.o
 .data.time_amber
                0x0000000020000009        0x1 ./Core/Src/fsm.o
 .data.time_green
                0x000000002000000a        0x1 ./Core/Src/fsm.o
 .data.prev_saved
                0x000000002000000b        0x1 ./Core/Src/fsm.o
 .data.LED7Conversion
                0x000000002000000c        0xa ./Core/Src/led_display.o
 *fill*         0x0000000020000016        0x2 
 .data.SystemCoreClock
                0x0000000020000018        0x4 ./Core/Src/system_stm32f1xx.o
                0x0000000020000018                SystemCoreClock
 .data.timeRED  0x000000002000001c        0x1 ./Core/Src/traffic_led.o
 .data.timeAMBER
                0x000000002000001d        0x1 ./Core/Src/traffic_led.o
 .data.timeGREEN
                0x000000002000001e        0x1 ./Core/Src/traffic_led.o
 .data.verticalState
                0x000000002000001f        0x1 ./Core/Src/traffic_led.o
 .data.uwTickPrio
                0x0000000020000020        0x4 ./Drivers/STM32F1xx_HAL_Driver/Src/stm32f1xx_hal.o
                0x0000000020000020                uwTickPrio
 .data.uwTickFreq
                0x0000000020000024        0x1 ./Drivers/STM32F1xx_HAL_Driver/Src/stm32f1xx_hal.o
                0x0000000020000024                uwTickFreq
 *(.RamFunc)
 *(.RamFunc*)
                0x0000000020000028                . = ALIGN (0x4)
 *fill*         0x0000000020000025        0x3 
                0x0000000020000028                _edata = .

.igot.plt       0x0000000020000028        0x0 load address 0x0000000008003184
 .igot.plt      0x0000000020000028        0x0 c:/st/stm32cubeide_1.7.0/stm32cubeide/plugins/com.st.stm32cube.ide.mcu.externaltools.gnu-tools-for-stm32.9-2020-q2-update.win32_2.0.0.202105311346/tools/bin/../lib/gcc/arm-none-eabi/9.3.1/thumb/v7-m/nofp/crtbegin.o
                0x0000000020000028                . = ALIGN (0x4)

.bss            0x0000000020000028       0xc0 load address 0x0000000008003184
                0x0000000020000028                _sbss = .
                0x0000000020000028                __bss_start__ = _sbss
 *(.bss)
 .bss           0x0000000020000028       0x1c c:/st/stm32cubeide_1.7.0/stm32cubeide/plugins/com.st.stm32cube.ide.mcu.externaltools.gnu-tools-for-stm32.9-2020-q2-update.win32_2.0.0.202105311346/tools/bin/../lib/gcc/arm-none-eabi/9.3.1/thumb/v7-m/nofp/crtbegin.o
 *(.bss*)
 .bss.buttonBuffer
                0x0000000020000044        0x4 ./Core/Src/button.o
 .bss.debounceButtonBuffer1
                0x0000000020000048        0x4 ./Core/Src/button.o
 .bss.debounceButtonBuffer2
                0x000000002000004c        0x4 ./Core/Src/button.o
 .bss.Mode      0x0000000020000050        0x1 ./Core/Src/fsm.o
                0x0000000020000050                Mode
 .bss.counter_mode2
                0x0000000020000051        0x1 ./Core/Src/fsm.o
 .bss.counter_mode3
                0x0000000020000052        0x1 ./Core/Src/fsm.o
 .bss.counter_mode4
                0x0000000020000053        0x1 ./Core/Src/fsm.o
 .bss.buttonflag0
                0x0000000020000054        0x1 ./Core/Src/fsm.o
 .bss.buttonflag1
                0x0000000020000055        0x1 ./Core/Src/fsm.o
 .bss.buttonflag2
                0x0000000020000056        0x1 ./Core/Src/fsm.o
 *fill*         0x0000000020000057        0x1 
 .bss.init      0x0000000020000058        0x4 ./Core/Src/fsm.o
                0x0000000020000058                init
 .bss.index_led7
                0x000000002000005c        0x4 ./Core/Src/fsm.o
                0x000000002000005c                index_led7
 .bss.manual_active
                0x0000000020000060        0x1 ./Core/Src/fsm_manual.o
 .bss.manual_state
                0x0000000020000061        0x1 ./Core/Src/fsm_manual.o
 .bss.btn0_flag
                0x0000000020000062        0x1 ./Core/Src/fsm_manual.o
 .bss.btn1_flag
                0x0000000020000063        0x1 ./Core/Src/fsm_manual.o
 .bss.btn3_flag
                0x0000000020000064        0x1 ./Core/Src/fsm_manual.o
 .bss.waiting_timer
                0x0000000020000065        0x1 ./Core/Src/fsm_manual.o
 *fill*         0x0000000020000066        0x2 
 .bss.numBuffer
                0x0000000020000068        0x4 ./Core/Src/led_display.o
 .bss.buffer    0x000000002000006c        0x4 ./Core/Src/led_display.o
 .bss.timer0_counter
                0x0000000020000070        0x4 ./Core/Src/software_timer.o
                0x0000000020000070                timer0_counter
 .bss.led7_counter
                0x0000000020000074        0x4 ./Core/Src/software_timer.o
                0x0000000020000074                led7_counter
 .bss.blink_counter
                0x0000000020000078        0x4 ./Core/Src/software_timer.o
                0x0000000020000078                blink_counter
 .bss.timer1_counter
                0x000000002000007c        0x4 ./Core/Src/software_timer.o
                0x000000002000007c                timer1_counter
 .bss.timer0_flag
                0x0000000020000080        0x4 ./Core/Src/software_timer.o
                0x0000000020000080                timer0_flag
 .bss.led_7_flag
                0x0000000020000084        0x4 ./Core/Src/software_timer.o
                0x0000000020000084                led_7_flag
 .bss.blink_flag
                0x0000000020000088        0x4 ./Core/Src/software_timer.o
                0x0000000020000088                blink_flag
 .bss.timer1_flag
                0x000000002000008c        0x4 ./Core/Src/software_timer.o
                0x000000002000008c                timer1_flag
 .bss.bufferTimerForLED
                0x0000000020000090        0x3 ./Core/Src/traffic_led.o
 .bss.counterRED1
                0x0000000020000093        0x1 ./Core/Src/traffic_led.o
 .bss.counterAMBER1
                0x0000000020000094        0x1 ./Core/Src/traffic_led.o
 .bss.counterGREEN1
                0x0000000020000095        0x1 ./Core/Src/traffic_led.o
 .bss.counterRED2
                0x0000000020000096        0x1 ./Core/Src/traffic_led.o
 .bss.counterAMBER2
                0x0000000020000097        0x1 ./Core/Src/traffic_led.o
 .bss.counterGREEN2
                0x0000000020000098        0x1 ./Core/Src/traffic_led.o
 .bss.horizontalState
                0x0000000020000099        0x1 ./Core/Src/traffic_led.o
 *(COMMON)
 *fill*         0x000000002000009a        0x2 
 COMMON         0x000000002000009c       0x48 ./Core/Src/main.o
                0x000000002000009c                htim2
 COMMON         0x00000000200000e4        0x4 ./Drivers/STM32F1xx_HAL_Driver/Src/stm32f1xx_hal.o
                0x00000000200000e4                uwTick
                0x00000000200000e8                . = ALIGN (0x4)
                0x00000000200000e8                _ebss = .
                0x00000000200000e8                __bss_end__ = _ebss

._user_heap_stack
                0x00000000200000e8      0x600 load address 0x0000000008003184
                0x00000000200000e8                . = ALIGN (0x8)
                [!provide]                        PROVIDE (end = .)
                0x00000000200000e8                PROVIDE (_end = .)
                0x00000000200002e8                . = (. + _Min_Heap_Size)
 *fill*         0x00000000200000e8      0x200 
                0x00000000200006e8                . = (. + _Min_Stack_Size)
 *fill*         0x00000000200002e8      0x400 
                0x00000000200006e8                . = ALIGN (0x8)

/DISCARD/
 libc.a(*)
 libm.a(*)
 libgcc.a(*)

.ARM.attributes
                0x0000000000000000       0x29
 *(.ARM.attributes)
 .ARM.attributes
                0x0000000000000000       0x1d c:/st/stm32cubeide_1.7.0/stm32cubeide/plugins/com.st.stm32cube.ide.mcu.externaltools.gnu-tools-for-stm32.9-2020-q2-update.win32_2.0.0.202105311346/tools/bin/../lib/gcc/arm-none-eabi/9.3.1/thumb/v7-m/nofp/crti.o
 .ARM.attributes
                0x000000000000001d       0x2d c:/st/stm32cubeide_1.7.0/stm32cubeide/plugins/com.st.stm32cube.ide.mcu.externaltools.gnu-tools-for-stm32.9-2020-q2-update.win32_2.0.0.202105311346/tools/bin/../lib/gcc/arm-none-eabi/9.3.1/thumb/v7-m/nofp/crtbegin.o
 .ARM.attributes
                0x000000000000004a       0x2d ./Core/Src/button.o
 .ARM.attributes
                0x0000000000000077       0x2d ./Core/Src/fsm.o
 .ARM.attributes
                0x00000000000000a4       0x2d ./Core/Src/fsm_manual.o
 .ARM.attributes
                0x00000000000000d1       0x2d ./Core/Src/led_display.o
 .ARM.attributes
                0x00000000000000fe       0x2d ./Core/Src/main.o
 .ARM.attributes
                0x000000000000012b       0x2d ./Core/Src/software_timer.o
 .ARM.attributes
                0x0000000000000158       0x2d ./Core/Src/stm32f1xx_hal_msp.o
 .ARM.attributes
                0x0000000000000185       0x2d ./Core/Src/stm32f1xx_it.o
 .ARM.attributes
                0x00000000000001b2       0x2d ./Core/Src/system_stm32f1xx.o
 .ARM.attributes
                0x00000000000001df       0x2d ./Core/Src/traffic_led.o
 .ARM.attributes
                0x000000000000020c       0x21 ./Core/Startup/startup_stm32f103c6ux.o
 .ARM.attributes
                0x000000000000022d       0x2d ./Drivers/STM32F1xx_HAL_Driver/Src/stm32f1xx_hal.o
 .ARM.attributes
                0x000000000000025a       0x2d ./Drivers/STM32F1xx_HAL_Driver/Src/stm32f1xx_hal_cortex.o
 .ARM.attributes
                0x0000000000000287       0x2d ./Drivers/STM32F1xx_HAL_Driver/Src/stm32f1xx_hal_gpio.o
 .ARM.attributes
                0x00000000000002b4       0x2d ./Drivers/STM32F1xx_HAL_Driver/Src/stm32f1xx_hal_rcc.o
 .ARM.attributes
                0x00000000000002e1       0x2d ./Drivers/STM32F1xx_HAL_Driver/Src/stm32f1xx_hal_tim.o
 .ARM.attributes
                0x000000000000030e       0x2d ./Drivers/STM32F1xx_HAL_Driver/Src/stm32f1xx_hal_tim_ex.o
 .ARM.attributes
                0x000000000000033b       0x2d c:/st/stm32cubeide_1.7.0/stm32cubeide/plugins/com.st.stm32cube.ide.mcu.externaltools.gnu-tools-for-stm32.9-2020-q2-update.win32_2.0.0.202105311346/tools/bin/../lib/gcc/arm-none-eabi/9.3.1/../../../../arm-none-eabi/lib/thumb/v7-m/nofp\libc_nano.a(lib_a-init.o)
 .ARM.attributes
                0x0000000000000368       0x2d c:/st/stm32cubeide_1.7.0/stm32cubeide/plugins/com.st.stm32cube.ide.mcu.externaltools.gnu-tools-for-stm32.9-2020-q2-update.win32_2.0.0.202105311346/tools/bin/../lib/gcc/arm-none-eabi/9.3.1/../../../../arm-none-eabi/lib/thumb/v7-m/nofp\libc_nano.a(lib_a-memset.o)
 .ARM.attributes
                0x0000000000000395       0x1d c:/st/stm32cubeide_1.7.0/stm32cubeide/plugins/com.st.stm32cube.ide.mcu.externaltools.gnu-tools-for-stm32.9-2020-q2-update.win32_2.0.0.202105311346/tools/bin/../lib/gcc/arm-none-eabi/9.3.1/thumb/v7-m/nofp/crtn.o
OUTPUT(LAB3.elf elf32-littlearm)
LOAD linker stubs
LOAD c:/st/stm32cubeide_1.7.0/stm32cubeide/plugins/com.st.stm32cube.ide.mcu.externaltools.gnu-tools-for-stm32.9-2020-q2-update.win32_2.0.0.202105311346/tools/bin/../lib/gcc/arm-none-eabi/9.3.1/../../../../arm-none-eabi/lib/thumb/v7-m/nofp\libc.a
LOAD c:/st/stm32cubeide_1.7.0/stm32cubeide/plugins/com.st.stm32cube.ide.mcu.externaltools.gnu-tools-for-stm32.9-2020-q2-update.win32_2.0.0.202105311346/tools/bin/../lib/gcc/arm-none-eabi/9.3.1/../../../../arm-none-eabi/lib/thumb/v7-m/nofp\libm.a
LOAD c:/st/stm32cubeide_1.7.0/stm32cubeide/plugins/com.st.stm32cube.ide.mcu.externaltools.gnu-tools-for-stm32.9-2020-q2-update.win32_2.0.0.202105311346/tools/bin/../lib/gcc/arm-none-eabi/9.3.1/thumb/v7-m/nofp\libgcc.a

.debug_info     0x0000000000000000     0x9b3d
 .debug_info    0x0000000000000000      0x323 ./Core/Src/button.o
 .debug_info    0x0000000000000323      0x3fa ./Core/Src/fsm.o
 .debug_info    0x000000000000071d      0x3f3 ./Core/Src/fsm_manual.o
 .debug_info    0x0000000000000b10      0x3ab ./Core/Src/led_display.o
 .debug_info    0x0000000000000ebb      0xc0f ./Core/Src/main.o
 .debug_info    0x0000000000001aca      0x2d6 ./Core/Src/software_timer.o
 .debug_info    0x0000000000001da0      0xa09 ./Core/Src/stm32f1xx_hal_msp.o
 .debug_info    0x00000000000027a9      0x7b9 ./Core/Src/stm32f1xx_it.o
 .debug_info    0x0000000000002f62      0x2be ./Core/Src/system_stm32f1xx.o
 .debug_info    0x0000000000003220      0x4ac ./Core/Src/traffic_led.o
 .debug_info    0x00000000000036cc       0x22 ./Core/Startup/startup_stm32f103c6ux.o
 .debug_info    0x00000000000036ee      0x74c ./Drivers/STM32F1xx_HAL_Driver/Src/stm32f1xx_hal.o
 .debug_info    0x0000000000003e3a      0xbbe ./Drivers/STM32F1xx_HAL_Driver/Src/stm32f1xx_hal_cortex.o
 .debug_info    0x00000000000049f8      0x701 ./Drivers/STM32F1xx_HAL_Driver/Src/stm32f1xx_hal_gpio.o
 .debug_info    0x00000000000050f9      0x893 ./Drivers/STM32F1xx_HAL_Driver/Src/stm32f1xx_hal_rcc.o
 .debug_info    0x000000000000598c     0x2c32 ./Drivers/STM32F1xx_HAL_Driver/Src/stm32f1xx_hal_tim.o
 .debug_info    0x00000000000085be     0x157f ./Drivers/STM32F1xx_HAL_Driver/Src/stm32f1xx_hal_tim_ex.o

.debug_abbrev   0x0000000000000000     0x1d4e
 .debug_abbrev  0x0000000000000000      0x16e ./Core/Src/button.o
 .debug_abbrev  0x000000000000016e      0x16c ./Core/Src/fsm.o
 .debug_abbrev  0x00000000000002da      0x182 ./Core/Src/fsm_manual.o
 .debug_abbrev  0x000000000000045c      0x175 ./Core/Src/led_display.o
 .debug_abbrev  0x00000000000005d1      0x22c ./Core/Src/main.o
 .debug_abbrev  0x00000000000007fd      0x11f ./Core/Src/software_timer.o
 .debug_abbrev  0x000000000000091c      0x1b7 ./Core/Src/stm32f1xx_hal_msp.o
 .debug_abbrev  0x0000000000000ad3      0x176 ./Core/Src/stm32f1xx_it.o
 .debug_abbrev  0x0000000000000c49      0x14e ./Core/Src/system_stm32f1xx.o
 .debug_abbrev  0x0000000000000d97      0x186 ./Core/Src/traffic_led.o
 .debug_abbrev  0x0000000000000f1d       0x12 ./Core/Startup/startup_stm32f103c6ux.o
 .debug_abbrev  0x0000000000000f2f      0x1ed ./Drivers/STM32F1xx_HAL_Driver/Src/stm32f1xx_hal.o
 .debug_abbrev  0x000000000000111c      0x313 ./Drivers/STM32F1xx_HAL_Driver/Src/stm32f1xx_hal_cortex.o
 .debug_abbrev  0x000000000000142f      0x1e8 ./Drivers/STM32F1xx_HAL_Driver/Src/stm32f1xx_hal_gpio.o
 .debug_abbrev  0x0000000000001617      0x273 ./Drivers/STM32F1xx_HAL_Driver/Src/stm32f1xx_hal_rcc.o
 .debug_abbrev  0x000000000000188a      0x25e ./Drivers/STM32F1xx_HAL_Driver/Src/stm32f1xx_hal_tim.o
 .debug_abbrev  0x0000000000001ae8      0x266 ./Drivers/STM32F1xx_HAL_Driver/Src/stm32f1xx_hal_tim_ex.o

.debug_aranges  0x0000000000000000      0xaf8
 .debug_aranges
                0x0000000000000000       0x30 ./Core/Src/button.o
 .debug_aranges
                0x0000000000000030       0x38 ./Core/Src/fsm.o
 .debug_aranges
                0x0000000000000068       0x48 ./Core/Src/fsm_manual.o
 .debug_aranges
                0x00000000000000b0       0x50 ./Core/Src/led_display.o
 .debug_aranges
                0x0000000000000100       0x48 ./Core/Src/main.o
 .debug_aranges
                0x0000000000000148       0x40 ./Core/Src/software_timer.o
 .debug_aranges
                0x0000000000000188       0x30 ./Core/Src/stm32f1xx_hal_msp.o
 .debug_aranges
                0x00000000000001b8       0x68 ./Core/Src/stm32f1xx_it.o
 .debug_aranges
                0x0000000000000220       0x28 ./Core/Src/system_stm32f1xx.o
 .debug_aranges
                0x0000000000000248       0x88 ./Core/Src/traffic_led.o
 .debug_aranges
                0x00000000000002d0       0x28 ./Core/Startup/startup_stm32f103c6ux.o
 .debug_aranges
                0x00000000000002f8       0xe0 ./Drivers/STM32F1xx_HAL_Driver/Src/stm32f1xx_hal.o
 .debug_aranges
                0x00000000000003d8      0x100 ./Drivers/STM32F1xx_HAL_Driver/Src/stm32f1xx_hal_cortex.o
 .debug_aranges
                0x00000000000004d8       0x58 ./Drivers/STM32F1xx_HAL_Driver/Src/stm32f1xx_hal_gpio.o
 .debug_aranges
                0x0000000000000530       0x90 ./Drivers/STM32F1xx_HAL_Driver/Src/stm32f1xx_hal_rcc.o
 .debug_aranges
                0x00000000000005c0      0x3d0 ./Drivers/STM32F1xx_HAL_Driver/Src/stm32f1xx_hal_tim.o
 .debug_aranges
                0x0000000000000990      0x168 ./Drivers/STM32F1xx_HAL_Driver/Src/stm32f1xx_hal_tim_ex.o

.debug_ranges   0x0000000000000000      0x9f0
 .debug_ranges  0x0000000000000000       0x20 ./Core/Src/button.o
 .debug_ranges  0x0000000000000020       0x28 ./Core/Src/fsm.o
 .debug_ranges  0x0000000000000048       0x38 ./Core/Src/fsm_manual.o
 .debug_ranges  0x0000000000000080       0x40 ./Core/Src/led_display.o
 .debug_ranges  0x00000000000000c0       0x38 ./Core/Src/main.o
 .debug_ranges  0x00000000000000f8       0x30 ./Core/Src/software_timer.o
 .debug_ranges  0x0000000000000128       0x20 ./Core/Src/stm32f1xx_hal_msp.o
 .debug_ranges  0x0000000000000148       0x58 ./Core/Src/stm32f1xx_it.o
 .debug_ranges  0x00000000000001a0       0x18 ./Core/Src/system_stm32f1xx.o
 .debug_ranges  0x00000000000001b8       0x78 ./Core/Src/traffic_led.o
 .debug_ranges  0x0000000000000230       0x20 ./Core/Startup/startup_stm32f103c6ux.o
 .debug_ranges  0x0000000000000250       0xd0 ./Drivers/STM32F1xx_HAL_Driver/Src/stm32f1xx_hal.o
 .debug_ranges  0x0000000000000320       0xf0 ./Drivers/STM32F1xx_HAL_Driver/Src/stm32f1xx_hal_cortex.o
 .debug_ranges  0x0000000000000410       0x48 ./Drivers/STM32F1xx_HAL_Driver/Src/stm32f1xx_hal_gpio.o
 .debug_ranges  0x0000000000000458       0x80 ./Drivers/STM32F1xx_HAL_Driver/Src/stm32f1xx_hal_rcc.o
 .debug_ranges  0x00000000000004d8      0x3c0 ./Drivers/STM32F1xx_HAL_Driver/Src/stm32f1xx_hal_tim.o
 .debug_ranges  0x0000000000000898      0x158 ./Drivers/STM32F1xx_HAL_Driver/Src/stm32f1xx_hal_tim_ex.o

.debug_macro    0x0000000000000000    0x16e59
 .debug_macro   0x0000000000000000      0x1c2 ./Core/Src/button.o
 .debug_macro   0x00000000000001c2      0xa9c ./Core/Src/button.o
 .debug_macro   0x0000000000000c5e      0x215 ./Core/Src/button.o
 .debug_macro   0x0000000000000e73       0x2e ./Core/Src/button.o
 .debug_macro   0x0000000000000ea1       0x22 ./Core/Src/button.o
 .debug_macro   0x0000000000000ec3       0x22 ./Core/Src/button.o
 .debug_macro   0x0000000000000ee5       0x8e ./Core/Src/button.o
 .debug_macro   0x0000000000000f73       0x51 ./Core/Src/button.o
 .debug_macro   0x0000000000000fc4      0x103 ./Core/Src/button.o
 .debug_macro   0x00000000000010c7       0x6a ./Core/Src/button.o
 .debug_macro   0x0000000000001131      0x1df ./Core/Src/button.o
 .debug_macro   0x0000000000001310       0x1c ./Core/Src/button.o
 .debug_macro   0x000000000000132c       0x22 ./Core/Src/button.o
 .debug_macro   0x000000000000134e       0xc3 ./Core/Src/button.o
 .debug_macro   0x0000000000001411      0xd23 ./Core/Src/button.o
 .debug_macro   0x0000000000002134     0xde75 ./Core/Src/button.o
 .debug_macro   0x000000000000ffa9       0x6d ./Core/Src/button.o
 .debug_macro   0x0000000000010016     0x34a2 ./Core/Src/button.o
 .debug_macro   0x00000000000134b8      0x174 ./Core/Src/button.o
 .debug_macro   0x000000000001362c       0x5c ./Core/Src/button.o
 .debug_macro   0x0000000000013688      0x5bc ./Core/Src/button.o
 .debug_macro   0x0000000000013c44      0x1b7 ./Core/Src/button.o
 .debug_macro   0x0000000000013dfb      0x1cb ./Core/Src/button.o
 .debug_macro   0x0000000000013fc6      0x114 ./Core/Src/button.o
 .debug_macro   0x00000000000140da      0x1b2 ./Core/Src/button.o
 .debug_macro   0x000000000001428c       0x27 ./Core/Src/button.o
 .debug_macro   0x00000000000142b3      0x12f ./Core/Src/button.o
 .debug_macro   0x00000000000143e2      0x1bc ./Core/Src/button.o
 .debug_macro   0x000000000001459e       0x34 ./Core/Src/button.o
 .debug_macro   0x00000000000145d2       0x3c ./Core/Src/button.o
 .debug_macro   0x000000000001460e       0x57 ./Core/Src/button.o
 .debug_macro   0x0000000000014665       0x87 ./Core/Src/button.o
 .debug_macro   0x00000000000146ec      0x183 ./Core/Src/button.o
 .debug_macro   0x000000000001486f      0x140 ./Core/Src/button.o
 .debug_macro   0x00000000000149af      0x8ed ./Core/Src/button.o
 .debug_macro   0x000000000001529c       0x69 ./Core/Src/button.o
 .debug_macro   0x0000000000015305      0x10c ./Core/Src/button.o
 .debug_macro   0x0000000000015411      0x1f3 ./Core/Src/fsm.o
 .debug_macro   0x0000000000015604       0x10 ./Core/Src/fsm.o
 .debug_macro   0x0000000000015614      0x1ed ./Core/Src/fsm_manual.o
 .debug_macro   0x0000000000015801      0x1b6 ./Core/Src/led_display.o
 .debug_macro   0x00000000000159b7      0x1f1 ./Core/Src/main.o
 .debug_macro   0x0000000000015ba8      0x1b9 ./Core/Src/software_timer.o
 .debug_macro   0x0000000000015d61      0x1a6 ./Core/Src/stm32f1xx_hal_msp.o
 .debug_macro   0x0000000000015f07      0x1b0 ./Core/Src/stm32f1xx_it.o
 .debug_macro   0x00000000000160b7      0x197 ./Core/Src/system_stm32f1xx.o
 .debug_macro   0x000000000001624e      0x1df ./Core/Src/traffic_led.o
 .debug_macro   0x000000000001642d      0x1bb ./Drivers/STM32F1xx_HAL_Driver/Src/stm32f1xx_hal.o
 .debug_macro   0x00000000000165e8      0x197 ./Drivers/STM32F1xx_HAL_Driver/Src/stm32f1xx_hal_cortex.o
 .debug_macro   0x000000000001677f      0x202 ./Drivers/STM32F1xx_HAL_Driver/Src/stm32f1xx_hal_gpio.o
 .debug_macro   0x0000000000016981      0x1a9 ./Drivers/STM32F1xx_HAL_Driver/Src/stm32f1xx_hal_rcc.o
 .debug_macro   0x0000000000016b2a      0x198 ./Drivers/STM32F1xx_HAL_Driver/Src/stm32f1xx_hal_tim.o
 .debug_macro   0x0000000000016cc2      0x197 ./Drivers/STM32F1xx_HAL_Driver/Src/stm32f1xx_hal_tim_ex.o

.debug_line     0x0000000000000000     0xc59c
 .debug_line    0x0000000000000000      0x6f5 ./Core/Src/button.o
 .debug_line    0x00000000000006f5      0xacf ./Core/Src/fsm.o
 .debug_line    0x00000000000011c4      0x853 ./Core/Src/fsm_manual.o
 .debug_line    0x0000000000001a17      0x797 ./Core/Src/led_display.o
 .debug_line    0x00000000000021ae      0x7e7 ./Core/Src/main.o
 .debug_line    0x0000000000002995      0x749 ./Core/Src/software_timer.o
 .debug_line    0x00000000000030de      0x6a1 ./Core/Src/stm32f1xx_hal_msp.o
 .debug_line    0x000000000000377f      0x73f ./Core/Src/stm32f1xx_it.o
 .debug_line    0x0000000000003ebe      0x6e3 ./Core/Src/system_stm32f1xx.o
 .debug_line    0x00000000000045a1      0x937 ./Core/Src/traffic_led.o
 .debug_line    0x0000000000004ed8       0x86 ./Core/Startup/startup_stm32f103c6ux.o
 .debug_line    0x0000000000004f5e      0x910 ./Drivers/STM32F1xx_HAL_Driver/Src/stm32f1xx_hal.o
 .debug_line    0x000000000000586e      0xaf8 ./Drivers/STM32F1xx_HAL_Driver/Src/stm32f1xx_hal_cortex.o
 .debug_line    0x0000000000006366      0x993 ./Drivers/STM32F1xx_HAL_Driver/Src/stm32f1xx_hal_gpio.o
 .debug_line    0x0000000000006cf9      0xd1c ./Drivers/STM32F1xx_HAL_Driver/Src/stm32f1xx_hal_rcc.o
 .debug_line    0x0000000000007a15     0x3361 ./Drivers/STM32F1xx_HAL_Driver/Src/stm32f1xx_hal_tim.o
 .debug_line    0x000000000000ad76     0x1826 ./Drivers/STM32F1xx_HAL_Driver/Src/stm32f1xx_hal_tim_ex.o

.debug_str      0x0000000000000000    0x827ae
 .debug_str     0x0000000000000000    0x7f882 ./Core/Src/button.o
                                      0x7fbfd (size before relaxing)
 .debug_str     0x000000000007f882      0x1c1 ./Core/Src/fsm.o
                                      0x7fced (size before relaxing)
 .debug_str     0x000000000007fa43       0xe0 ./Core/Src/fsm_manual.o
                                      0x7fcd6 (size before relaxing)
 .debug_str     0x000000000007fb23       0xe4 ./Core/Src/led_display.o
                                      0x7fc12 (size before relaxing)
 .debug_str     0x000000000007fc07      0x6df ./Core/Src/main.o
                                      0x80366 (size before relaxing)
 .debug_str     0x00000000000802e6       0x9a ./Core/Src/software_timer.o
                                      0x7fbbd (size before relaxing)
 .debug_str     0x0000000000080380      0x2ba ./Core/Src/stm32f1xx_hal_msp.o
                                      0x802e5 (size before relaxing)
 .debug_str     0x000000000008063a       0xcd ./Core/Src/stm32f1xx_it.o
                                      0x80047 (size before relaxing)
 .debug_str     0x0000000000080707       0x52 ./Core/Src/system_stm32f1xx.o
                                      0x7f759 (size before relaxing)
 .debug_str     0x0000000000080759      0x1ea ./Core/Src/traffic_led.o
                                      0x7fd78 (size before relaxing)
 .debug_str     0x0000000000080943       0x36 ./Core/Startup/startup_stm32f103c6ux.o
                                         0x4d (size before relaxing)
 .debug_str     0x0000000000080979      0x304 ./Drivers/STM32F1xx_HAL_Driver/Src/stm32f1xx_hal.o
                                      0x7fdb0 (size before relaxing)
 .debug_str     0x0000000000080c7d      0x300 ./Drivers/STM32F1xx_HAL_Driver/Src/stm32f1xx_hal_cortex.o
                                      0x7fdb8 (size before relaxing)
 .debug_str     0x0000000000080f7d      0x316 ./Drivers/STM32F1xx_HAL_Driver/Src/stm32f1xx_hal_gpio.o
                                      0x7fb1d (size before relaxing)
 .debug_str     0x0000000000081293      0x24f ./Drivers/STM32F1xx_HAL_Driver/Src/stm32f1xx_hal_rcc.o
                                      0x7fb56 (size before relaxing)
 .debug_str     0x00000000000814e2      0xdde ./Drivers/STM32F1xx_HAL_Driver/Src/stm32f1xx_hal_tim.o
                                      0x80b3f (size before relaxing)
 .debug_str     0x00000000000822c0      0x4ee ./Drivers/STM32F1xx_HAL_Driver/Src/stm32f1xx_hal_tim_ex.o
                                      0x802e0 (size before relaxing)

.comment        0x0000000000000000       0x53
 .comment       0x0000000000000000       0x53 ./Core/Src/button.o
                                         0x54 (size before relaxing)
 .comment       0x0000000000000053       0x54 ./Core/Src/fsm.o
 .comment       0x0000000000000053       0x54 ./Core/Src/fsm_manual.o
 .comment       0x0000000000000053       0x54 ./Core/Src/led_display.o
 .comment       0x0000000000000053       0x54 ./Core/Src/main.o
 .comment       0x0000000000000053       0x54 ./Core/Src/software_timer.o
 .comment       0x0000000000000053       0x54 ./Core/Src/stm32f1xx_hal_msp.o
 .comment       0x0000000000000053       0x54 ./Core/Src/stm32f1xx_it.o
 .comment       0x0000000000000053       0x54 ./Core/Src/system_stm32f1xx.o
 .comment       0x0000000000000053       0x54 ./Core/Src/traffic_led.o
 .comment       0x0000000000000053       0x54 ./Drivers/STM32F1xx_HAL_Driver/Src/stm32f1xx_hal.o
 .comment       0x0000000000000053       0x54 ./Drivers/STM32F1xx_HAL_Driver/Src/stm32f1xx_hal_cortex.o
 .comment       0x0000000000000053       0x54 ./Drivers/STM32F1xx_HAL_Driver/Src/stm32f1xx_hal_gpio.o
 .comment       0x0000000000000053       0x54 ./Drivers/STM32F1xx_HAL_Driver/Src/stm32f1xx_hal_rcc.o
 .comment       0x0000000000000053       0x54 ./Drivers/STM32F1xx_HAL_Driver/Src/stm32f1xx_hal_tim.o
 .comment       0x0000000000000053       0x54 ./Drivers/STM32F1xx_HAL_Driver/Src/stm32f1xx_hal_tim_ex.o

.debug_frame    0x0000000000000000     0x2b60
 .debug_frame   0x0000000000000000       0x84 ./Core/Src/button.o
 .debug_frame   0x0000000000000084       0x8c ./Core/Src/fsm.o
 .debug_frame   0x0000000000000110       0xcc ./Core/Src/fsm_manual.o
 .debug_frame   0x00000000000001dc      0x110 ./Core/Src/led_display.o
 .debug_frame   0x00000000000002ec       0xd4 ./Core/Src/main.o
 .debug_frame   0x00000000000003c0       0xd0 ./Core/Src/software_timer.o
 .debug_frame   0x0000000000000490       0x80 ./Core/Src/stm32f1xx_hal_msp.o
 .debug_frame   0x0000000000000510      0x120 ./Core/Src/stm32f1xx_it.o
 .debug_frame   0x0000000000000630       0x58 ./Core/Src/system_stm32f1xx.o
 .debug_frame   0x0000000000000688      0x1e0 ./Core/Src/traffic_led.o
 .debug_frame   0x0000000000000868      0x334 ./Drivers/STM32F1xx_HAL_Driver/Src/stm32f1xx_hal.o
 .debug_frame   0x0000000000000b9c      0x428 ./Drivers/STM32F1xx_HAL_Driver/Src/stm32f1xx_hal_cortex.o
 .debug_frame   0x0000000000000fc4      0x14c ./Drivers/STM32F1xx_HAL_Driver/Src/stm32f1xx_hal_gpio.o
 .debug_frame   0x0000000000001110      0x218 ./Drivers/STM32F1xx_HAL_Driver/Src/stm32f1xx_hal_rcc.o
 .debug_frame   0x0000000000001328     0x11b4 ./Drivers/STM32F1xx_HAL_Driver/Src/stm32f1xx_hal_tim.o
 .debug_frame   0x00000000000024dc      0x638 ./Drivers/STM32F1xx_HAL_Driver/Src/stm32f1xx_hal_tim_ex.o
 .debug_frame   0x0000000000002b14       0x2c c:/st/stm32cubeide_1.7.0/stm32cubeide/plugins/com.st.stm32cube.ide.mcu.externaltools.gnu-tools-for-stm32.9-2020-q2-update.win32_2.0.0.202105311346/tools/bin/../lib/gcc/arm-none-eabi/9.3.1/../../../../arm-none-eabi/lib/thumb/v7-m/nofp\libc_nano.a(lib_a-init.o)
 .debug_frame   0x0000000000002b40       0x20 c:/st/stm32cubeide_1.7.0/stm32cubeide/plugins/com.st.stm32cube.ide.mcu.externaltools.gnu-tools-for-stm32.9-2020-q2-update.win32_2.0.0.202105311346/tools/bin/../lib/gcc/arm-none-eabi/9.3.1/../../../../arm-none-eabi/lib/thumb/v7-m/nofp\libc_nano.a(lib_a-memset.o)
